// Jest Snapshot v1, https://goo.gl/fbAQLP

exports[`Shared buildStatusPage matches the snapshot 1`] = `
"<!DOCTYPE html>
<html>
  <head>
    <title>github-oauth-ui</title>
    <style>
      html,
      body {
        padding: 0;
        margin: 0;
        height: 100%;
        background-color: #e0e0e0;
        color: #24292F;
        font-family: Helvetica, sans-serif;
        position: relative;
        text-align: center;
      }
      .wrap {
        position: absolute;
        top: 50%;
        left: 50%;
        transform: translate(-50%, -50%);
      }
      a {
        color: #3f51b5;
        text-transform: uppercase;
      }
      img {
        filter: drop-shadow(0 0.5rem 0.5rem #24292F80);
      }
    </style>
  </head>
  <body>
    <div class=\\"wrap\\">
      <img src=\\"https://verdaccio.org/docs/assets/logo/symbol/svg/verdaccio-blackwhite.svg\\" alt=\\"verdaccio-blackwhite.svg\\" />
      custom test body
    </div>
  </body>
</html>"
`;
